// Jest Snapshot v1, https://goo.gl/fbAQLP

exports[`Test example GET / 1`] = `"Hello World"`;
